// Jest Snapshot v1, https://goo.gl/fbAQLP

exports[`Debe de evaluar el componente <GifGrid/> Debe de mostrar el componente correctamente 1`] = `ShallowWrapper {}`;
